[27/Dec/2037:12:00:00 +0530] "DELETE /usr/login HTTP/1.0" 502 5035 160.219.198.156:43
121.101.6.31 - - [27/Dec/2037:12:00:00 +0530] "PUT /usr/login HTTP/1.0" 500 5096 "-" "Mozilla/5.0 (Android 10; Mobile; rv:84.0) Gecko/84.0 Firefox/84.0" 3557
10.223.157.186 - - [1/Jul/2009:14:58:59 -0700] "GET / HTTP/1.1" 403 202
10.223.157.186 - - [15/Jul/2009:14:58:59 -0700] "GET /favicon.ico HTTP/1.1" 404 209
10.223.157.186 - - [15/Jul/2009:15:50:35 -0700] "GET / HTTP/1.1" 200 9157
10.223.157.186 - - [15/Jul/2009:15:50:35 -0700] "GET /assets/js/lowpro.js HTTP/1.1" 200 10469
10.223.157.186 - - [15/Jul/2009:15:50:35 -0700] "GET /assets/css/reset.css HTTP/1.1" 200 1014
10.223.157.186 - - [15/Jul/2009:15:50:35 -0700] "GET /assets/css/960.css HTTP/1.1" 200 6206
10.223.157.186 - - [15/Jul/2009:15:50:35 -0700] "GET /assets/css/the-associates.css HTTP/1.1" 200 15779
10.223.157.186 - - [15/Jul/2009:15:50:35 -0700] "GET /assets/js/the-associates.js HTTP/1.1" 200 4492
10.223.157.186 - - [15/Jul/2009:15:50:35 -0700] "GET /assets/js/lightbox.js HTTP/1.1" 200 25960
10.223.157.186 - - [15/Jul/2009:15:50:36 -0700] "GET /assets/img/search-button.gif HTTP/1.1" 200 168
10.223.157.186 - - [15/Jul/2009:15:50:36 -0700] "GET /assets/img/dummy/secondary-news-3.jpg HTTP/1.1" 200 5604
10.223.157.186 - - [15/Jul/2009:15:50:36 -0700] "GET /assets/img/dummy/primary-news-1.jpg HTTP/1.1" 200 10556
10.223.157.186 - - [15/Jul/2009:15:50:36 -0700] "GET /assets/img/dummy/primary-news-2.jpg HTTP/1.1" 200 9925
10.223.157.186 - - [15/Jul/2009:15:50:36 -0700] "GET /assets/img/closelabel.gif HTTP/1.1" 200 979
10.223.157.186 - - [15/Jul/2009:15:50:36 -0700] "GET /assets/img/home-logo.png HTTP/1.1" 200 3892
10.223.157.186 - - [15/Jul/2009:15:50:36 -0700] "GET /assets/img/dummy/secondary-news-2.jpg HTTP/1.1" 200 5397
10.223.157.186 - - [15/Jul/2009:15:50:36 -0700] "GET /assets/img/loading.gif HTTP/1.1" 200 2767
10.223.157.186 - - [15/Jul/2009:15:50:36 -0700] "GET /assets/img/dummy/secondary-news-4.jpg HTTP/1.1" 200 5766
10.223.157.186 - - [15/Jul/2009:15:50:36 -0700] "GET /assets/img/home-media-block-placeholder.jpg HTTP/1.1" 200 68831
10.223.157.186 - - [15/Jul/2009:15:50:37 -0700] "GET /assets/img/dummy/secondary-news-1.jpg HTTP/1.1" 200 5766
10.223.157.186 - - [15/Jul/2009:15:50:37 -0700] "GET /assets/swf/home-media-block.swf HTTP/1.1" 200 123884
10.223.157.186 - - [15/Jul/2009:15:50:51 -0700] "GET / HTTP/1.1" 200 9157
10.223.157.186 - - [15/Jul/2009:15:50:51 -0700] "GET /assets/css/960.css HTTP/1.1" 304 -
10.223.157.186 - - [15/Jul/2009:15:50:51 -0700] "GET /assets/css/the-associates.css HTTP/1.1" 304 -
10.223.157.186 - - [15/Jul/2009:15:50:51 -0700] "GET /assets/js/lowpro.js HTTP/1.1" 304 -
10.223.157.186 - - [15/Jul/2009:15:50:51 -0700] "GET /assets/js/lightbox.js HTTP/1.1" 304 -
10.223.157.186 - - [15/Jul/2009:15:50:51 -0700] "GET /assets/css/reset.css HTTP/1.1" 304 -
10.223.157.186 - - [15/Jul/2009:15:50:51 -0700] "GET /assets/js/the-associates.js HTTP/1.1" 304 -
10.223.157.186 - - [15/Jul/2009:15:50:51 -0700] "GET /assets/img/dummy/secondary-news-4.jpg HTTP/1.1" 304 -
10.223.157.186 - - [15/Jul/2009:15:50:51 -0700] "GET /assets/img/search-button.gif HTTP/1.1" 304 -
10.223.157.186 - - [15/Jul/2009:15:50:51 -0700] "GET /assets/img/dummy/primary-news-1.jpg HTTP/1.1" 304 -
10.223.157.186 - - [15/Jul/2009:15:50:51 -0700] "GET /assets/img/dummy/secondary-news-3.jpg HTTP/1.1" 304 -
10.223.157.186 - - [15/Jul/2009:15:50:51 -0700] "GET /assets/img/home-media-block-placeholder.jpg HTTP/1.1" 304 -
10.223.157.186 - - [15/Jul/2009:15:50:51 -0700] "GET /assets/img/dummy/primary-news-2.jpg HTTP/1.1" 304 -
10.223.157.186 - - [15/Jul/2009:15:50:51 -0700] "GET /assets/img/dummy/secondary-news-1.jpg HTTP/1.1" 304 -
10.223.157.186 - - [15/Jul/2009:15:50:52 -0700] "GET /assets/img/home-logo.png HTTP/1.1" 304 -
10.223.157.186 - - [15/Jul/2009:15:50:52 -0700] "GET /assets/img/dummy/secondary-news-2.jpg HTTP/1.1" 304 -
10.223.157.186 - - [15/Jul/2009:15:50:52 -0700] "GET /assets/img/loading.gif HTTP/1.1" 304 -
10.223.157.186 - - [15/Jul/2009:15:50:52 -0700] "GET /assets/img/closelabel.gif HTTP/1.1" 304 -
10.223.157.186 - - [15/Jul/2009:15:50:52 -0700] "GET /favicon.ico HTTP/1.1" 404 209
10.223.157.186 - - [15/Jul/2009:20:50:29 -0700] "GET / HTTP/1.1" 200 9157
10.223.157.186 - - [15/Jul/2009:20:50:31 -0700] "GET /assets/css/960.css HTTP/1.1" 304 -
10.223.157.186 - - [15/Jul/2009:20:50:31 -0700] "GET /assets/css/the-associates.css HTTP/1.1" 304 -
10.223.157.186 - - [15/Jul/2009:20:50:31 -0700] "GET /assets/js/lightbox.js HTTP/1.1" 304 -
10.223.157.186 - - [15/Jul/2009:20:50:31 -0700] "GET /assets/js/lowpro.js HTTP/1.1" 304 -
10.223.157.186 - - [15/Jul/2009:20:50:32 -0700] "GET /assets/css/reset.css HTTP/1.1" 304 -
10.223.157.186 - - [15/Jul/2009:20:50:32 -0700] "GET /assets/js/the-associates.js HTTP/1.1" 304 -
10.223.157.186 - - [15/Jul/2009:20:50:33 -0700] "GET /assets/img/home-logo.png HTTP/1.1" 304 -
10.223.157.186 - - [15/Jul/2009:20:50:33 -0700] "GET /assets/img/dummy/primary-news-2.jpg HTTP/1.1" 304 -
10.223.157.186 - - [15/Jul/2009:20:50:33 -0700] "GET /assets/img/dummy/primary-news-1.jpg HTTP/1.1" 304 -
10.223.157.186 - - [15/Jul/2009:20:50:33 -0700] "GET /assets/img/home-media-block-placeholder.jpg HTTP/1.1" 304 -
10.223.157.186 - - [15/Jul/2009:20:50:33 -0700] "GET /assets/img/dummy/secondary-news-4.jpg HTTP/1.1" 304 -
10.223.157.186 - - [15/Jul/2009:20:50:33 -0700] "GET /assets/img/loading.gif HTTP/1.1" 304 -
10.223.157.186 - - [15/Jul/2009:20:50:33 -0700] "GET /assets/img/search-button.gif HTTP/1.1" 304 -
10.223.157.186 - - [15/Jul/2009:20:50:33 -0700] "GET /assets/img/dummy/secondary-news-3.jpg HTTP/1.1" 304 -
10.223.157.186 - - [15/Jul/2009:20:50:33 -0700] "GET /assets/img/dummy/secondary-news-2.jpg HTTP/1.1" 304 -
10.223.157.186 - - [15/Jul/2009:20:50:33 -0700] "GET /assets/img/dummy/secondary-news-1.jpg HTTP/1.1" 304 -
10.223.157.186 - - [15/Jul/2009:20:50:33 -0700] "GET /assets/img/closelabel.gif HTTP/1.1" 304 -
10.223.157.186 - - [15/Jul/2009:20:50:33 -0700] "GET /assets/swf/home-media-block.swf HTTP/1.1" 304 -
10.223.157.186 - - [15/Jul/2009:20:50:38 -0700] "GET / HTTP/1.1" 200 9157
10.223.157.186 - - [15/Jul/2009:20:50:38 -0700] "GET /assets/css/reset.css HTTP/1.1" 304 -
10.223.157.186 - - [15/Jul/2009:20:50:38 -0700] "GET /assets/css/960.css HTTP/1.1" 304 -
10.223.157.186 - - [15/Jul/2009:20:50:38 -0700] "GET /assets/js/the-associates.js HTTP/1.1" 304 -
10.223.157.186 - - [15/Jul/2009:20:50:38 -0700] "GET /assets/js/lowpro.js HTTP/1.1" 304 -
10.223.157.186 - - [15/Jul/2009:20:50:38 -0700] "GET /assets/css/the-associates.css HTTP/1.1" 304 -
10.223.157.186 - - [15/Jul/2009:20:50:38 -0700] "GET /assets/js/lightbox.js HTTP/1.1" 304 -
10.223.157.186 - - [15/Jul/2009:20:50:39 -0700] "GET /assets/img/dummy/secondary-news-1.jpg HTTP/1.1" 304 -
10.223.157.186 - - [15/Jul/2009:20:50:39 -0700] "GET /assets/img/dummy/secondary-news-4.jpg HTTP/1.1" 304 -
10.223.157.186 - - [15/Jul/2009:20:50:39 -0700] "GET /assets/img/search-button.gif HTTP/1.1" 304 -
10.223.157.186 - - [15/Jul/2009:20:50:39 -0700] "GET /assets/img/dummy/primary-news-2.jpg HTTP/1.1" 304 -
10.223.157.186 - - [15/Jul/2009:20:50:39 -0700] "GET /assets/img/home-media-block-placeholder.jpg HTTP/1.1" 304 -
10.223.157.186 - - [15/Jul/2009:20:50:39 -0700] "GET /assets/img/dummy/primary-news-1.jpg HTTP/1.1" 304 -
10.223.157.186 - - [15/Jul/2009:20:50:39 -0700] "GET /assets/img/home-logo.png HTTP/1.1" 304 -
10.223.157.186 - - [15/Jul/2009:20:50:39 -0700] "GET /assets/img/dummy/secondary-news-2.jpg HTTP/1.1" 304 -
10.223.157.186 - - [15/Jul/2009:20:50:39 -0700] "GET /assets/img/dummy/secondary-news-3.jpg HTTP/1.1" 304 -
10.223.157.186 - - [15/Jul/2009:20:50:39 -0700] "GET /assets/img/closelabel.gif HTTP/1.1" 304 -
10.223.157.186 - - [15/Jul/2009:20:50:39 -0700] "GET /assets/img/loading.gif HTTP/1.1" 304 -
10.223.157.186 - - [15/Jul/2009:20:50:39 -0700] "GET /favicon.ico HTTP/1.1" 404 209
10.223.157.186 - - [15/Jul/2009:21:04:42 -0700] "GET / HTTP/1.1" 200 524
10.223.157.186 - - [15/Jul/2009:21:04:43 -0700] "GET /favicon.ico HTTP/1.1" 404 209
10.223.157.186 - - [15/Jul/2009:21:06:22 -0700] "GET / HTTP/1.1" 200 524
10.223.157.186 - - [15/Jul/2009:21:06:23 -0700] "GET /favicon.ico HTTP/1.1" 404 209
10.223.157.186 - - [15/Jul/2009:21:12:41 -0700] "GET / HTTP/1.1" 200 524
10.223.157.186 - - [15/Jul/2009:21:12:41 -0700] "GET /favicon.ico HTTP/1.1" 404 209
10.223.157.186 - - [15/Jul/2009:21:13:28 -0700] "GET / HTTP/1.1" 200 524
10.223.157.186 - - [15/Jul/2009:21:13:29 -0700] "GET /favicon.ico HTTP/1.1" 404 209
10.223.157.186 - - [15/Jul/2009:21:24:10 -0700] "GET / HTTP/1.1" 200 7616
10.223.157.186 - - [15/Jul/2009:21:24:10 -0700] "GET /assets/js/the-associates.js HTTP/1.1" 200 4492
10.223.157.186 - - [15/Jul/2009:21:24:10 -0700] "GET /assets/css/reset.css HTTP/1.1" 200 1014
10.223.157.186 - - [15/Jul/2009:21:24:10 -0700] "GET /assets/css/the-associates.css HTTP/1.1" 200 15779
10.223.157.186 - - [15/Jul/2009:21:24:10 -0700] "GET /assets/js/lightbox.js HTTP/1.1" 200 25960
10.223.157.186 - - [15/Jul/2009:21:24:11 -0700] "GET /assets/js/lowpro.js HTTP/1.1" 200 10469
10.223.157.186 - - [15/Jul/2009:21:24:11 -0700] "GET /assets/css/960.css HTTP/1.1" 200 6206
10.223.157.186 - - [15/Jul/2009:21:24:11 -0700] "GET /assets/img/loading.gif HTTP/1.1" 200 2767
10.223.157.186 - - [15/Jul/2009:21:24:11 -0700] "GET /assets/img/dummy/primary-news-2.jpg HTTP/1.1" 200 9925
10.223.157.186 - - [15/Jul/2009:21:24:11 -0700] "GET /assets/img/search-button.gif HTTP/1.1" 200 168
10.223.157.186 - - [15/Jul/2009:21:24:11 -0700] "GET /assets/img/dummy/secondary-news-4.jpg HTTP/1.1" 200 5766
10.223.157.186 - - [15/Jul/2009:21:24:11 -0700] "GET /assets/img/home-logo.png HTTP/1.1" 200 3892
10.223.157.186 - - [15/Jul/2009:21:24:11 -0700] "GET /assets/img/dummy/primary-news-1.jpg HTTP/1.1" 200 10556
25.131.63.144 - - [27/Dec/2037:12:00:00 +0530] "DELETE /usr/login HTTP/1.0" 304 4958 "http://www.parker-miller.org/tag/list/list/privacy/" "Mozilla/5.0 (Android 10; Mobile; rv:84.0) Gecko/84.0 Firefox/84.0" 4777
175.136.142.89 - - [27/Dec/2037:12:00:00 +0530] "PUT /usr HTTP/1.0" 502 4934 "http://www.parker-miller.org/tag/list/list/privacy/" "Mozilla/5.0 (Linux; Android 10; ONEPLUS A6000) AppleWebKit/537.36 (KHTML, like Gecko) Chrome/77.0.3865.116 Mobile Safari/537.36 EdgA/45.12.4.5121" 109
4.76.207.120 - - [27/Dec/2037:12:00:00 +0530] "GET /usr HTTP/1.0" 304 4984 "http://www.parker-miller.org/tag/list/list/privacy/" "Mozilla/5.0 (Windows NT 10.0; Win64; x64; rv:84.0) Gecko/20100101 Firefox/84.0" 1837
103.94.154.109 - - [27/Dec/2037:12:00:00 +0530] "PUT /usr HTTP/1.0" 200 4968 "-" "Mozilla/5.0 (Linux; Android 10; ONEPLUS A6000) AppleWebKit/537.36 (KHTML, like Gecko) Chrome/77.0.3865.116 Mobile Safari/537.36 EdgA/45.12.4.5121" 393
77.233.114.220 - - [27/Dec/2037:12:00:00 +0530] "PUT /usr HTTP/1.0" 200 5016 "http://www.parker-miller.org/tag/list/list/privacy/" "Mozilla/5.0 (Windows NT 10.0; Win64; x64) AppleWebKit/537.36 (KHTML, like Gecko) Chrome/89.0.4380.0 Safari/537.36 Edg/89.0.759.0" 122
126.52.182.135 - - [27/Dec/2037:12:00:00 +0530] "PUT /usr/admin HTTP/1.0" 500 4979 "-" "Mozilla/5.0 (Windows NT 10.0; Win64; x64) AppleWebKit/537.36 (KHTML, like Gecko) Chrome/87.0.4280.141 Safari/537.36" 3098
117.37.177.20 - - [27/Dec/2037:12:00:00 +0530] "DELETE /usr HTTP/1.0" 200 5041 "http://www.parker-miller.org/tag/list/list/privacy/" "Mozilla/5.0 (Linux; Android 10; ONEPLUS A6000) AppleWebKit/537.36 (KHTML, like Gecko) Chrome/87.0.4280.141 Mobile Safari/537.36" 2744
46.2.234.179 - - [27/Dec/2037:12:00:00 +0530] "GET /usr HTTP/1.0" 304 4956 "-" "Mozilla/5.0 (iPhone; CPU iPhone OS 12_4_9 like Mac OS X) AppleWebKit/605.1.15 (KHTML, like Gecko) Version/12.1.2 Mobile/15E148 Safari/604.1" 4753
177.111.50.252 - - [27/Dec/2037:12:00:00 +0530] "POST /usr HTTP/1.0" 303 4998 "-" "Mozilla/5.0 (Linux; Android 10; ONEPLUS A6000) AppleWebKit/537.36 (KHTML, like Gecko) Chrome/87.0.4280.141 Mobile Safari/537.36" 2979
73.132.29.108 - - [27/Dec/2037:12:00:00 +0530] "GET /usr HTTP/1.0" 502 4982 "http://www.parker-miller.org/tag/list/list/privacy/" "Mozilla/5.0 (Windows NT 10.0; Win64; x64) AppleWebKit/537.36 (KHTML, like Gecko) Chrome/89.0.4380.0 Safari/537.36 Edg/89.0.759.0" 4781
62.116.240.192 - - [27/Dec/2037:12:00:00 +0530] "PUT /usr HTTP/1.0" 403 5014 "-" "Mozilla/5.0 (Windows NT 10.0; Win64; x64; rv:84.0) Gecko/20100101 Firefox/84.0" 486
8.207.161.109 - - [27/Dec/2037:12:00:00 +0530] "PUT /usr/login HTTP/1.0" 200 5008 "-" "Mozilla/5.0 (Linux; Android 10; ONEPLUS A6000) AppleWebKit/537.36 (KHTML, like Gecko) Chrome/77.0.3865.116 Mobile Safari/537.36 EdgA/45.12.4.5121" 2805
48.194.83.108 - - [27/Dec/2037:12:00:00 +0530] "GET /usr/admin/developer HTTP/1.0" 404 5013 "-" "Mozilla/5.0 (Linux; Android 10; ONEPLUS A6000) AppleWebKit/537.36 (KHTML, like Gecko) Chrome/87.0.4280.141 Mobile Safari/537.36" 1878
79.138.104.133 - - [27/Dec/2037:12:00:00 +0530] "PUT /usr/register HTTP/1.0" 403 5001 "http://www.parker-miller.org/tag/list/list/privacy/" "Mozilla/5.0 (Linux; Android 10; ONEPLUS A6000) AppleWebKit/537.36 (KHTML, like Gecko) Chrome/77.0.3865.116 Mobile Safari/537.36 EdgA/45.12.4.5121" 4063
52.122.238.42 - - [27/Dec/2037:12:00:00 +0530] "GET /usr/admin/developer HTTP/1.0" 304 4946 "-" "Mozilla/5.0 (Linux; Android 10; ONEPLUS A6000) AppleWebKit/537.36 (KHTML, like Gecko) Chrome/77.0.3865.116 Mobile Safari/537.36 EdgA/45.12.4.5121" 1625
29.99.94.142 - - [27/Dec/2037:12:00:00 +0530] "POST /usr/login HTTP/1.0" 304 5012 "http://www.parker-miller.org/tag/list/list/privacy/" "Mozilla/5.0 (Linux; Android 10; ONEPLUS A6000) AppleWebKit/537.36 (KHTML, like Gecko) Chrome/86.0.4240.198 Mobile Safari/537.36 OPR/61.2.3076.56749" 2946
186.152.123.0 - - [27/Dec/2037:12:00:00 +0530] "PUT /usr HTTP/1.0" 404 5028 "http://www.parker-miller.org/tag/list/list/privacy/" "Mozilla/5.0 (Linux; Android 10; ONEPLUS A6000) AppleWebKit/537.36 (KHTML, like Gecko) Chrome/87.0.4280.141 Mobile Safari/537.36" 2940
182.83.210.13 - - [27/Dec/2037:12:00:00 +0530] "DELETE /usr/admin HTTP/1.0" 502 5042 "http://www.parker-miller.org/tag/list/list/privacy/" "Mozilla/5.0 (iPhone; CPU iPhone OS 12_4_9 like Mac OS X) AppleWebKit/605.1.15 (KHTML, like Gecko) Version/12.1.2 Mobile/15E148 Safari/604.1" 4985
245.192.238.142 - - [27/Dec/2037:12:00:00 +0530] "DELETE /usr/admin HTTP/1.0" 304 5035 "-" "Mozilla/5.0 (Linux; Android 10; ONEPLUS A6000) AppleWebKit/537.36 (KHTML, like Gecko) Chrome/77.0.3865.116 Mobile Safari/537.36 EdgA/45.12.4.5121" 4658
142.48.240.110 - - [27/Dec/2037:12:00:00 +0530] "DELETE /usr/login HTTP/1.0" 502 4911 "http://www.parker-miller.org/tag/list/list/privacy/" "Mozilla/5.0 (Linux; Android 10; ONEPLUS A6000) AppleWebKit/537.36 (KHTML, like Gecko) Chrome/86.0.4240.198 Mobile Safari/537.36 OPR/61.2.3076.56749" 4039
193.31.2.214 - - [27/Dec/2037:12:00:00 +0530] "GET /usr HTTP/1.0" 404 4962 "-" "Mozilla/5.0 (Linux; Android 10; ONEPLUS A6000) AppleWebKit/537.36 (KHTML, like Gecko) Chrome/86.0.4240.198 Mobile Safari/537.36 OPR/61.2.3076.56749" 3990
237.42.71.106 - - [27/Dec/2037:12:00:00 +0530] "PUT /usr/login HTTP/1.0" 404 5042 "-" "Mozilla/5.0 (Android 10; Mobile; rv:84.0) Gecko/84.0 Firefox/84.0" 3134
245.166.65.16 - - [27/Dec/2037:12:00:00 +0530] "DELETE /usr/admin/developer HTTP/1.0" 304 5012 "http://www.parker-miller.org/tag/list/list/privacy/" "Mozilla/5.0 (Macintosh; Intel Mac OS X 10_9_3) AppleWebKit/537.75.14 (KHTML, like Gecko) Version/7.0.3 Safari/7046A194A" 3246
105.146.171.113 - - [27/Dec/2037:12:00:00 +0530] "DELETE /usr HTTP/1.0" 303 4994 "http://www.parker-miller.org/tag/list/list/privacy/" "Mozilla/5.0 (Android 10; Mobile; rv:84.0) Gecko/84.0 Firefox/84.0" 3761
6.200.216.225 - - [27/Dec/2037:12:00:00 +0530] "PUT /usr HTTP/1.0" 404 4904 "http://www.parker-miller.org/tag/list/list/privacy/" "Mozilla/5.0 (iPhone; CPU iPhone OS 12_4_9 like Mac OS X) AppleWebKit/605.1.15 (KHTML, like Gecko) Version/12.1.2 Mobile/15E148 Safari/604.1" 1336
140.163.159.130 - - [27/Dec/2037:12:00:00 +0530] "POST /usr HTTP/1.0" 303 5063 "http://www.parker-miller.org/tag/list/list/privacy/" "Mozilla/5.0 (Windows NT 10.0; Win64; x64; rv:84.0) Gecko/20100101 Firefox/84.0" 2050
158.122.40.33 - - [27/Dec/2037:12:00:00 +0530] "POST /usr/register HTTP/1.0" 304 4923 "-" "Mozilla/5.0 (Linux; Android 10; ONEPLUS A6000) AppleWebKit/537.36 (KHTML, like Gecko) Chrome/86.0.4240.198 Mobile Safari/537.36 OPR/61.2.3076.56749" 789
136.151.31.137 - - [27/Dec/2037:12:00:00 +0530] "POST /usr/admin HTTP/1.0" 404 5081 "-" "Mozilla/5.0 (Windows NT 10.0; Win64; x64; rv:84.0) Gecko/20100101 Firefox/84.0" 610
244.160.36.179 - - [27/Dec/2037:12:00:00 +0530] "POST /usr/admin HTTP/1.0" 304 4972 "-" "Mozilla/5.0 (iPhone; CPU iPhone OS 12_4_9 like Mac OS X) AppleWebKit/605.1.15 (KHTML, like Gecko) Version/12.1.2 Mobile/15E148 Safari/604.1" 2704
237.155.219.64 - - [27/Dec/2037:12:00:00 +0530] "POST /usr/admin/developer HTTP/1.0" 404 4980 "-" "Mozilla/5.0 (iPhone; CPU iPhone OS 12_4_9 like Mac OS X) AppleWebKit/605.1.15 (KHTML, like Gecko) Version/12.1.2 Mobile/15E148 Safari/604.1" 3842
184.236.96.49 - - [27/Dec/2037:12:00:00 +0530] "GET /usr/register HTTP/1.0" 303 4986 "http://www.parker-miller.org/tag/list/list/privacy/" "Mozilla/5.0 (Linux; Android 10; ONEPLUS A6000) AppleWebKit/537.36 (KHTML, like Gecko) Chrome/77.0.3865.116 Mobile Safari/537.36 EdgA/45.12.4.5121" 1181
113.225.38.25 - - [27/Dec/2037:12:00:00 +0530] "DELETE /usr/register HTTP/1.0" 200 5058 "http://www.parker-miller.org/tag/list/list/privacy/" "Mozilla/5.0 (Linux; Android 10; ONEPLUS A6000) AppleWebKit/537.36 (KHTML, like Gecko) Chrome/87.0.4280.141 Mobile Safari/537.36" 584
9.31.143.127 - - [27/Dec/2037:12:00:00 +0530] "PUT /usr/login HTTP/1.0" 500 4958 "-" "Mozilla/5.0 (Windows NT 10.0; Win64; x64) AppleWebKit/537.36 (KHTML, like Gecko) Chrome/87.0.4280.141 Safari/537.36" 820
159.70.145.184 - - [27/Dec/2037:12:00:00 +0530] "DELETE /usr/register HTTP/1.0" 200 4907 "-" "Mozilla/5.0 (Linux; Android 10; ONEPLUS A6000) AppleWebKit/537.36 (KHTML, like Gecko) Chrome/77.0.3865.116 Mobile Safari/537.36 EdgA/45.12.4.5121" 993
22.222.196.145 - - [27/Dec/2037:12:00:00 +0530] "DELETE /usr/admin/developer HTTP/1.0" 303 5002 "-" "Mozilla/5.0 (Android 10; Mobile; rv:84.0) Gecko/84.0 Firefox/84.0" 1531
42.201.211.79 - - [27/Dec/2037:12:00:00 +0530] "GET /usr/register HTTP/1.0" 403 4888 "http://www.parker-miller.org/tag/list/list/privacy/" "Mozilla/5.0 (Windows NT 10.0; Win64; x64) AppleWebKit/537.36 (KHTML, like Gecko) Chrome/89.0.4380.0 Safari/537.36 Edg/89.0.759.0" 2459
71.110.6.49 - - [27/Dec/2037:12:00:00 +0530] "POST /usr/register HTTP/1.0" 502 5023 "-" "Mozilla/5.0 (Linux; Android 10; ONEPLUS A6000) AppleWebKit/537.36 (KHTML, like Gecko) Chrome/86.0.4240.198 Mobile Safari/537.36 OPR/61.2.3076.56749" 138
59.144.0.59 - - [27/Dec/2037:12:00:00 +0530] "PUT /usr/register HTTP/1.0" 500 5002 "-" "Mozilla/5.0 (Linux; Android 10; ONEPLUS A6000) AppleWebKit/537.36 (KHTML, like Gecko) Chrome/77.0.3865.116 Mobile Safari/537.36 EdgA/45.12.4.5121" 184
246.8.76.38 - - [27/Dec/2037:12:00:00 +0530] "POST /usr HTTP/1.0" 502 5001 "-" "Mozilla/5.0 (Windows NT 10.0; Win64; x64; rv:84.0) Gecko/20100101 Firefox/84.0" 1644
206.64.243.141 - - [27/Dec/2037:12:00:00 +0530] "PUT /usr/admin HTTP/1.0" 303 4987 "-" "Mozilla/5.0 (Linux; Android 10; ONEPLUS A6000) AppleWebKit/537.36 (KHTML, like Gecko) Chrome/86.0.4240.198 Mobile Safari/537.36 OPR/61.2.3076.56749" 4327
160.230.43.123 - - [27/Dec/2037:12:00:00 +0530] "GET /usr HTTP/1.0" 502 5016 "-" "Mozilla/5.0 (Linux; Android 10; ONEPLUS A6000) AppleWebKit/537.36 (KHTML, like Gecko) Chrome/86.0.4240.198 Mobile Safari/537.36 OPR/61.2.3076.56749" 1141
200.210.228.177 - - [27/Dec/2037:12:00:00 +0530] "PUT /usr/admin HTTP/1.0" 502 5026 "http://www.parker-miller.org/tag/list/list/privacy/" "Mozilla/5.0 (Windows NT 10.0; Win64; x64) AppleWebKit/537.36 (KHTML, like Gecko) Chrome/87.0.4280.88 Safari/537.36 OPR/73.0.3856.329" 2148
175.36.183.51 - - [27/Dec/2037:12:00:00 +0530] "DELETE /usr/admin HTTP/1.0" 304 4986 "http://www.parker-miller.org/tag/list/list/privacy/" "Mozilla/5.0 (Linux; Android 10; ONEPLUS A6000) AppleWebKit/537.36 (KHTML, like Gecko) Chrome/87.0.4280.141 Mobile Safari/537.36" 1569
193.236.1.131 - - [27/Dec/2037:12:00:00 +0530] "GET /usr HTTP/1.0" 303 4959 "-" "Mozilla/5.0 (Linux; Android 10; ONEPLUS A6000) AppleWebKit/537.36 (KHTML, like Gecko) Chrome/87.0.4280.141 Mobile Safari/537.36" 2985
57.178.191.99 - - [27/Dec/2037:12:00:00 +0530] "GET /usr/login HTTP/1.0" 200 5000 "-" "Mozilla/5.0 (iPhone; CPU iPhone OS 12_4_9 like Mac OS X) AppleWebKit/605.1.15 (KHTML, like Gecko) Version/12.1.2 Mobile/15E148 Safari/604.1" 425
219.113.54.108 - - [27/Dec/2037:12:00:00 +0530] "GET /usr/admin/developer HTTP/1.0" 502 4885 "http://www.parker-miller.org/tag/list/list/privacy/" "Mozilla/5.0 (Windows NT 10.0; Win64; x64) AppleWebKit/537.36 (KHTML, like Gecko) Chrome/87.0.4280.88 Safari/537.36 OPR/73.0.3856.329" 1988
178.195.110.114 - - [27/Dec/2037:12:00:00 +0530] "PUT /usr HTTP/1.0" 200 5019 "http://www.parker-miller.org/tag/list/list/privacy/" "Mozilla/5.0 (Android 10; Mobile; rv:84.0) Gecko/84.0 Firefox/84.0" 4421
133.134.55.30 - - [27/Dec/2037:12:00:00 +0530] "DELETE /usr/register HTTP/1.0" 500 4945 "-" "Mozilla/5.0 (Windows NT 10.0; Win64; x64) AppleWebKit/537.36 (KHTML, like Gecko) Chrome/87.0.4280.141 Safari/537.36" 2681
27.111.18.186 - - [27/Dec/2037:12:00:00 +0530] "PUT /usr/register HTTP/1.0" 404 4935 "-" "Mozilla/5.0 (Android 10; Mobile; rv:84.0) Gecko/84.0 Firefox/84.0" 2396
87.49.184.52 - - [27/Dec/2037:12:00:00 +0530] "GET /usr/admin HTTP/1.0" 502 4945 "http://www.parker-miller.org/tag/list/list/privacy/" "Mozilla/5.0 (Windows NT 10.0; Win64; x64) AppleWebKit/537.36 (KHTML, like Gecko) Chrome/87.0.4280.141 Safari/537.36" 2622
112.55.71.71 - - [27/Dec/2037:12:00:00 +0530] "DELETE /usr HTTP/1.0" 404 5032 "-" "Mozilla/5.0 (Linux; Android 10; ONEPLUS A6000) AppleWebKit/537.36 (KHTML, like Gecko) Chrome/86.0.4240.198 Mobile Safari/537.36 OPR/61.2.3076.56749" 11
160.239.91.89 - - [27/Dec/2037:12:00:00 +0530] "GET /usr/admin HTTP/1.0" 500 5073 "-" "Mozilla/5.0 (Linux; Android 10; ONEPLUS A6000) AppleWebKit/537.36 (KHTML, like Gecko) Chrome/86.0.4240.198 Mobile Safari/537.36 OPR/61.2.3076.56749" 2858
91.116.245.218 - - [27/Dec/2037:12:00:00 +0530] "DELETE /usr HTTP/1.0" 404 4997 "-" "Mozilla/5.0 (Windows NT 10.0; Win64; x64) AppleWebKit/537.36 (KHTML, like Gecko) Chrome/87.0.4280.88 Safari/537.36 OPR/73.0.3856.329" 2766
160.219.198.156 - - [27/Dec/2037:12:00:00 +0530] "DELETE /usr/login HTTP/1.0" 502 5035 "http://www.parker-miller.org/tag/list/list/privacy/" "Mozilla/5.0 (Windows NT 10.0; Win64; x64) AppleWebKit/537.36 (KHTML, like Gecko) Chrome/87.0.4280.141 Safari/537.36" 3467
204.45.65.31 - - [27/Dec/2037:12:00:00 +0530] "GET /usr HTTP/1.0" 403 4983 "-" "Mozilla/5.0 (Linux; Android 10; ONEPLUS A6000) AppleWebKit/537.36 (KHTML, like Gecko) Chrome/77.0.3865.116 Mobile Safari/537.36 EdgA/45.12.4.5121" 3439
238.237.91.38 - - [27/Dec/2037:12:00:00 +0530] "DELETE /usr/admin/developer HTTP/1.0" 200 5064 "-" "Mozilla/5.0 (Windows NT 10.0; Win64; x64) AppleWebKit/537.36 (KHTML, like Gecko) Chrome/87.0.4280.141 Safari/537.36" 1979
216.69.161.222 - - [27/Dec/2037:12:00:00 +0530] "DELETE /usr HTTP/1.0" 303 4836 "-" "Mozilla/5.0 (Windows NT 10.0; Win64; x64) AppleWebKit/537.36 (KHTML, like Gecko) Chrome/87.0.4280.141 Safari/537.36" 3951
53.179.51.38 - - [27/Dec/2037:12:00:00 +0530] "POST /usr/login HTTP/1.0" 502 5110 "-" "Mozilla/5.0 (Linux; Android 10; ONEPLUS A6000) AppleWebKit/537.36 (KHTML, like Gecko) Chrome/87.0.4280.141 Mobile Safari/537.36" 1932
74.63.80.189 - - [27/Dec/2037:12:00:00 +0530] "DELETE /usr HTTP/1.0" 303 5039 "http://www.parker-miller.org/tag/list/list/privacy/" "Mozilla/5.0 (Linux; Android 10; ONEPLUS A6000) AppleWebKit/537.36 (KHTML, like Gecko) Chrome/86.0.4240.198 Mobile Safari/537.36 OPR/61.2.3076.56749" 1471
233.208.32.57 - - [27/Dec/2037:12:00:00 +0530] "DELETE /usr/register HTTP/1.0" 403 5042 "http://www.parker-miller.org/tag/list/list/privacy/" "Mozilla/5.0 (Windows NT 10.0; Win64; x64) AppleWebKit/537.36 (KHTML, like Gecko) Chrome/87.0.4280.88 Safari/537.36 OPR/73.0.3856.329" 1912
215.112.101.153 - - [27/Dec/2037:12:00:00 +0530] "POST /usr HTTP/1.0" 303 5026 "-" "Mozilla/5.0 (Linux; Android 10; ONEPLUS A6000) AppleWebKit/537.36 (KHTML, like Gecko) Chrome/77.0.3865.116 Mobile Safari/537.36 EdgA/45.12.4.5121" 2785
20.182.223.151 - - [27/Dec/2037:12:00:00 +0530] "GET /usr HTTP/1.0" 303 4945 "-" "Mozilla/5.0 (Linux; Android 10; ONEPLUS A6000) AppleWebKit/537.36 (KHTML, like Gecko) Chrome/86.0.4240.198 Mobile Safari/537.36 OPR/61.2.3076.56749" 1609
0.153.138.113 - - [27/Dec/2037:12:00:00 +0530] "POST /usr/login HTTP/1.0" 500 5089 "http://www.parker-miller.org/tag/list/list/privacy/" "Mozilla/5.0 (Android 10; Mobile; rv:84.0) Gecko/84.0 Firefox/84.0" 3477
216.48.213.180 - - [27/Dec/2037:12:00:00 +0530] "DELETE /usr HTTP/1.0" 200 4968 "http://www.parker-miller.org/tag/list/list/privacy/" "Mozilla/5.0 (Windows NT 10.0; Win64; x64) AppleWebKit/537.36 (KHTML, like Gecko) Chrome/87.0.4280.141 Safari/537.36" 2717
208.3.85.7 - - [27/Dec/2037:12:00:00 +0530] "POST /usr/admin/developer HTTP/1.0" 500 4904 "-" "Mozilla/5.0 (iPhone; CPU iPhone OS 12_4_9 like Mac OS X) AppleWebKit/605.1.15 (KHTML, like Gecko) Version/12.1.2 Mobile/15E148 Safari/604.1" 748
161.61.136.230 - - [27/Dec/2037:12:00:00 +0530] "GET /usr/admin HTTP/1.0" 403 5069 "http://www.parker-miller.org/tag/list/list/privacy/" "Mozilla/5.0 (Linux; Android 10; ONEPLUS A6000) AppleWebKit/537.36 (KHTML, like Gecko) Chrome/87.0.4280.141 Mobile Safari/537.36" 2668
